// Jest Snapshot v1, https://goo.gl/fbAQLP

exports[`Ticket renders 1`] = `
<div
  class="ticket-wrapper"
  data-testid="ticket-wrapper"
>
  <div
    class="list-view"
  >
    <h4>
      #
      1
    </h4>
    <h4>
      abcd
    </h4>
  </div>
</div>
`;
